// Jest Snapshot v1, https://goo.gl/fbAQLP

exports[`button component matches the screenshot 1`] = `
<button>
  This is a button
</button>
`;
